
> @osmn-byhn/widget-core@1.0.0 test
> vitest run


[1m[46m RUN [49m[22m [36mv4.1.2 [39m[90m/home/shiyakami/Libraries/widget-core-linux[39m

 [32m✓[39m dist/shield.test.js [2m([22m[2m2 tests[22m[2m)[22m[32m 25[2mms[22m[39m
 [32m✓[39m src/autostart.test.ts [2m([22m[2m2 tests[22m[2m)[22m[32m 23[2mms[22m[39m
 [32m✓[39m src/shield.test.ts [2m([22m[2m2 tests[22m[2m)[22m[32m 16[2mms[22m[39m
 [32m✓[39m dist/registry.test.js [2m([22m[2m4 tests[22m[2m)[22m[32m 37[2mms[22m[39m
Overriding existing handler for signal 10. Set JSC_SIGNAL_FOR_GC if you want WebKit to use a different signal
 [32m✓[39m dist/autostart.test.js [2m([22m[2m2 tests[22m[2m)[22m[32m 27[2mms[22m[39m
 [32m✓[39m src/registry.test.ts [2m([22m[2m4 tests[22m[2m)[22m[32m 30[2mms[22m[39m
 [32m✓[39m dist/index.test.js [2m([22m[2m3 tests[22m[2m)[22m[32m 275[2mms[22m[39m
Overriding existing handler for signal 10. Set JSC_SIGNAL_FOR_GC if you want WebKit to use a different signal
 [32m✓[39m src/index.test.ts [2m([22m[2m3 tests[22m[2m)[22m[33m 343[2mms[22m[39m

[2m Test Files [22m [1m[32m8 passed[39m[22m[90m (8)[39m
[2m      Tests [22m [1m[32m22 passed[39m[22m[90m (22)[39m
[2m   Start at [22m 12:43:58
[2m   Duration [22m 1.63s[2m (transform 1.54s, setup 0ms, import 2.92s, tests 776ms, environment 3ms)[22m

